Archive member included because of file (symbol)

c:/winavr-20100110/bin/../lib/gcc/avr/4.3.3/avr5\libgcc.a(_mulsi3.o)
                              fat.o (__mulsi3)
c:/winavr-20100110/bin/../lib/gcc/avr/4.3.3/avr5\libgcc.a(_udivmodhi4.o)
                              fat.o (__udivmodhi4)
c:/winavr-20100110/bin/../lib/gcc/avr/4.3.3/avr5\libgcc.a(_divmodhi4.o)
                              fat.o (__divmodhi4)
c:/winavr-20100110/bin/../lib/gcc/avr/4.3.3/avr5\libgcc.a(_udivmodsi4.o)
                              fat.o (__udivmodsi4)
c:/winavr-20100110/bin/../lib/gcc/avr/4.3.3/avr5\libgcc.a(_exit.o)
                              c:/winavr-20100110/bin/../lib/gcc/avr/4.3.3/../../../../avr/lib/avr5/crtm32u4.o (exit)
c:/winavr-20100110/bin/../lib/gcc/avr/4.3.3/avr5\libgcc.a(_copy_data.o)
                              fat.o (__do_copy_data)
c:/winavr-20100110/bin/../lib/gcc/avr/4.3.3/avr5\libgcc.a(_clear_bss.o)
                              fat.o (__do_clear_bss)
c:/winavr-20100110/bin/../lib/gcc/avr/4.3.3/../../../../avr/lib/avr5\libc.a(strcmp_P.o)
                              main.o (strcmp_P)
c:/winavr-20100110/bin/../lib/gcc/avr/4.3.3/../../../../avr/lib/avr5\libc.a(strncmp_P.o)
                              main.o (strncmp_P)
c:/winavr-20100110/bin/../lib/gcc/avr/4.3.3/../../../../avr/lib/avr5\libc.a(memcpy.o)
                              fat.o (memcpy)
c:/winavr-20100110/bin/../lib/gcc/avr/4.3.3/../../../../avr/lib/avr5\libc.a(memset.o)
                              fat.o (memset)
c:/winavr-20100110/bin/../lib/gcc/avr/4.3.3/../../../../avr/lib/avr5\libc.a(strchr.o)
                              fat.o (strchr)
c:/winavr-20100110/bin/../lib/gcc/avr/4.3.3/../../../../avr/lib/avr5\libc.a(strcmp.o)
                              fat.o (strcmp)
c:/winavr-20100110/bin/../lib/gcc/avr/4.3.3/../../../../avr/lib/avr5\libc.a(strncmp.o)
                              fat.o (strncmp)
c:/winavr-20100110/bin/../lib/gcc/avr/4.3.3/../../../../avr/lib/avr5\libc.a(strncpy.o)
                              fat.o (strncpy)
c:/winavr-20100110/bin/../lib/gcc/avr/4.3.3/../../../../avr/lib/avr5\libc.a(strrchr.o)
                              fat.o (strrchr)

Memory Configuration

Name             Origin             Length             Attributes
text             0x00000000         0x00020000         xr
data             0x00800060         0x0000ffa0         rw !x
eeprom           0x00810000         0x00010000         rw !x
fuse             0x00820000         0x00000400         rw !x
lock             0x00830000         0x00000400         rw !x
signature        0x00840000         0x00000400         rw !x
*default*        0x00000000         0xffffffff

Linker script and memory map

Address of section .data set to 0x800100
LOAD c:/winavr-20100110/bin/../lib/gcc/avr/4.3.3/../../../../avr/lib/avr5/crtm32u4.o
LOAD byteordering.o
LOAD fat.o
LOAD main.o
LOAD partition.o
LOAD sd_raw.o
LOAD uart.o
LOAD c:/winavr-20100110/bin/../lib/gcc/avr/4.3.3/avr5\libgcc.a
LOAD c:/winavr-20100110/bin/../lib/gcc/avr/4.3.3/../../../../avr/lib/avr5\libc.a
LOAD c:/winavr-20100110/bin/../lib/gcc/avr/4.3.3/avr5\libgcc.a

.hash
 *(.hash)

.dynsym
 *(.dynsym)

.dynstr
 *(.dynstr)

.gnu.version
 *(.gnu.version)

.gnu.version_d
 *(.gnu.version_d)

.gnu.version_r
 *(.gnu.version_r)

.rel.init
 *(.rel.init)

.rela.init
 *(.rela.init)

.rel.text
 *(.rel.text)
 *(.rel.text.*)
 *(.rel.gnu.linkonce.t*)

.rela.text
 *(.rela.text)
 *(.rela.text.*)
 *(.rela.gnu.linkonce.t*)

.rel.fini
 *(.rel.fini)

.rela.fini
 *(.rela.fini)

.rel.rodata
 *(.rel.rodata)
 *(.rel.rodata.*)
 *(.rel.gnu.linkonce.r*)

.rela.rodata
 *(.rela.rodata)
 *(.rela.rodata.*)
 *(.rela.gnu.linkonce.r*)

.rel.data
 *(.rel.data)
 *(.rel.data.*)
 *(.rel.gnu.linkonce.d*)

.rela.data
 *(.rela.data)
 *(.rela.data.*)
 *(.rela.gnu.linkonce.d*)

.rel.ctors
 *(.rel.ctors)

.rela.ctors
 *(.rela.ctors)

.rel.dtors
 *(.rel.dtors)

.rela.dtors
 *(.rela.dtors)

.rel.got
 *(.rel.got)

.rela.got
 *(.rela.got)

.rel.bss
 *(.rel.bss)

.rela.bss
 *(.rela.bss)

.rel.plt
 *(.rel.plt)

.rela.plt
 *(.rela.plt)

.text           0x00000000     0x3f52
 *(.vectors)
 .vectors       0x00000000       0xac c:/winavr-20100110/bin/../lib/gcc/avr/4.3.3/../../../../avr/lib/avr5/crtm32u4.o
                0x00000000                __vectors
                0x00000000                __vector_default
 *(.vectors)
 *(.progmem.gcc*)
 *(.progmem*)
 .progmem.data  0x000000ac      0x1f4 main.o
                0x000002a0                . = ALIGN (0x2)
                0x000002a0                __trampolines_start = .
 *(.trampolines)
 .trampolines   0x000002a0        0x0 linker stubs
 *(.trampolines*)
                0x000002a0                __trampolines_end = .
 *(.jumptables)
 *(.jumptables*)
 *(.lowtext)
 *(.lowtext*)
                0x000002a0                __ctors_start = .
 *(.ctors)
                0x000002a0                __ctors_end = .
                0x000002a0                __dtors_start = .
 *(.dtors)
                0x000002a0                __dtors_end = .
 SORT(*)(.ctors)
 SORT(*)(.dtors)
 *(.init0)
 .init0         0x000002a0        0x0 c:/winavr-20100110/bin/../lib/gcc/avr/4.3.3/../../../../avr/lib/avr5/crtm32u4.o
                0x000002a0                __init
 *(.init0)
 *(.init1)
 *(.init1)
 *(.init2)
 .init2         0x000002a0        0xc c:/winavr-20100110/bin/../lib/gcc/avr/4.3.3/../../../../avr/lib/avr5/crtm32u4.o
 *(.init2)
 *(.init3)
 *(.init3)
 *(.init4)
 .init4         0x000002ac       0x16 c:/winavr-20100110/bin/../lib/gcc/avr/4.3.3/avr5\libgcc.a(_copy_data.o)
                0x000002ac                __do_copy_data
 .init4         0x000002c2       0x10 c:/winavr-20100110/bin/../lib/gcc/avr/4.3.3/avr5\libgcc.a(_clear_bss.o)
                0x000002c2                __do_clear_bss
 *(.init4)
 *(.init5)
 *(.init5)
 *(.init6)
 *(.init6)
 *(.init7)
 *(.init7)
 *(.init8)
 *(.init8)
 *(.init9)
 .init9         0x000002d2        0x8 c:/winavr-20100110/bin/../lib/gcc/avr/4.3.3/../../../../avr/lib/avr5/crtm32u4.o
 *(.init9)
 *(.text)
 .text          0x000002da        0x4 c:/winavr-20100110/bin/../lib/gcc/avr/4.3.3/../../../../avr/lib/avr5/crtm32u4.o
                0x000002da                __vector_38
                0x000002da                __vector_22
                0x000002da                __vector_28
                0x000002da                __vector_1
                0x000002da                __vector_32
                0x000002da                __vector_34
                0x000002da                __vector_24
                0x000002da                __vector_12
                0x000002da                __bad_interrupt
                0x000002da                __vector_6
                0x000002da                __vector_31
                0x000002da                __vector_35
                0x000002da                __vector_39
                0x000002da                __vector_3
                0x000002da                __vector_23
                0x000002da                __vector_30
                0x000002da                __vector_11
                0x000002da                __vector_13
                0x000002da                __vector_17
                0x000002da                __vector_19
                0x000002da                __vector_7
                0x000002da                __vector_41
                0x000002da                __vector_27
                0x000002da                __vector_5
                0x000002da                __vector_33
                0x000002da                __vector_37
                0x000002da                __vector_4
                0x000002da                __vector_9
                0x000002da                __vector_2
                0x000002da                __vector_21
                0x000002da                __vector_15
                0x000002da                __vector_36
                0x000002da                __vector_29
                0x000002da                __vector_40
                0x000002da                __vector_8
                0x000002da                __vector_26
                0x000002da                __vector_14
                0x000002da                __vector_10
                0x000002da                __vector_16
                0x000002da                __vector_18
                0x000002da                __vector_20
                0x000002da                __vector_42
 .text          0x000002de        0x0 byteordering.o
 .text          0x000002de     0x25f2 fat.o
                0x00002736                fat_open_file
                0x000011fa                fat_read_dir
                0x00001ed8                fat_create_file
                0x00000bf6                fat_reset_dir
                0x00000f68                fat_get_fs_free
                0x0000141c                fat_open
                0x00001d28                fat_create_dir
                0x00000dde                fat_delete_file
                0x00000916                fat_close_file
                0x00000bea                fat_close_dir
                0x000002de                fat_close
                0x00002280                fat_seek_file
                0x000027ae                fat_get_dir_entry_of_path
                0x00000922                fat_read_file
                0x00000eea                fat_get_fs_size
                0x000026b4                fat_open_dir
                0x0000233c                fat_write_file
                0x00001faa                fat_resize_file
 .text          0x000028d0      0x79c main.o
                0x00002b24                main
 .text          0x0000306c      0x1c8 partition.o
                0x0000306c                partition_close
                0x0000307c                partition_open
 .text          0x00003234      0x92c sd_raw.o
                0x00003234                sd_raw_available
                0x00003aaa                sd_raw_write_interval
                0x0000371c                sd_raw_read
                0x00003978                sd_raw_init
                0x00003898                sd_raw_read_interval
                0x00003302                sd_raw_get_info
                0x000036e8                sd_raw_sync
                0x00003238                sd_raw_locked
                0x0000353c                sd_raw_write
 .text          0x00003b60      0x258 uart.o
                0x00003c84                uart_putdw_dec
                0x00003b96                uart_putc_hex
                0x00003db6                __vector_25
                0x00003d56                uart_puts
                0x00003d70                uart_puts_p
                0x00003b60                uart_init
                0x00003c08                uart_putw_dec
                0x00003d8c                uart_getc
                0x00003be2                uart_putdw_hex
                0x00003b78                uart_putc
                0x00003bce                uart_putw_hex
 .text          0x00003db8        0x0 c:/winavr-20100110/bin/../lib/gcc/avr/4.3.3/avr5\libgcc.a(_mulsi3.o)
 .text          0x00003db8        0x0 c:/winavr-20100110/bin/../lib/gcc/avr/4.3.3/avr5\libgcc.a(_udivmodhi4.o)
 .text          0x00003db8        0x0 c:/winavr-20100110/bin/../lib/gcc/avr/4.3.3/avr5\libgcc.a(_divmodhi4.o)
 .text          0x00003db8        0x0 c:/winavr-20100110/bin/../lib/gcc/avr/4.3.3/avr5\libgcc.a(_udivmodsi4.o)
 .text          0x00003db8        0x0 c:/winavr-20100110/bin/../lib/gcc/avr/4.3.3/avr5\libgcc.a(_exit.o)
 .text          0x00003db8        0x0 c:/winavr-20100110/bin/../lib/gcc/avr/4.3.3/avr5\libgcc.a(_copy_data.o)
 .text          0x00003db8        0x0 c:/winavr-20100110/bin/../lib/gcc/avr/4.3.3/avr5\libgcc.a(_clear_bss.o)
 .text          0x00003db8        0x0 c:/winavr-20100110/bin/../lib/gcc/avr/4.3.3/../../../../avr/lib/avr5\libc.a(strcmp_P.o)
 .text          0x00003db8        0x0 c:/winavr-20100110/bin/../lib/gcc/avr/4.3.3/../../../../avr/lib/avr5\libc.a(strncmp_P.o)
 .text          0x00003db8        0x0 c:/winavr-20100110/bin/../lib/gcc/avr/4.3.3/../../../../avr/lib/avr5\libc.a(memcpy.o)
 .text          0x00003db8        0x0 c:/winavr-20100110/bin/../lib/gcc/avr/4.3.3/../../../../avr/lib/avr5\libc.a(memset.o)
 .text          0x00003db8        0x0 c:/winavr-20100110/bin/../lib/gcc/avr/4.3.3/../../../../avr/lib/avr5\libc.a(strchr.o)
 .text          0x00003db8        0x0 c:/winavr-20100110/bin/../lib/gcc/avr/4.3.3/../../../../avr/lib/avr5\libc.a(strcmp.o)
 .text          0x00003db8        0x0 c:/winavr-20100110/bin/../lib/gcc/avr/4.3.3/../../../../avr/lib/avr5\libc.a(strncmp.o)
 .text          0x00003db8        0x0 c:/winavr-20100110/bin/../lib/gcc/avr/4.3.3/../../../../avr/lib/avr5\libc.a(strncpy.o)
 .text          0x00003db8        0x0 c:/winavr-20100110/bin/../lib/gcc/avr/4.3.3/../../../../avr/lib/avr5\libc.a(strrchr.o)
                0x00003db8                . = ALIGN (0x2)
 *(.text.*)
 .text.libgcc   0x00003db8       0x3e c:/winavr-20100110/bin/../lib/gcc/avr/4.3.3/avr5\libgcc.a(_mulsi3.o)
                0x00003db8                __mulsi3
 .text.libgcc   0x00003df6       0x28 c:/winavr-20100110/bin/../lib/gcc/avr/4.3.3/avr5\libgcc.a(_udivmodhi4.o)
                0x00003df6                __udivmodhi4
 .text.libgcc   0x00003e1e       0x26 c:/winavr-20100110/bin/../lib/gcc/avr/4.3.3/avr5\libgcc.a(_divmodhi4.o)
                0x00003e1e                __divmodhi4
                0x00003e1e                _div
 .text.libgcc   0x00003e44       0x44 c:/winavr-20100110/bin/../lib/gcc/avr/4.3.3/avr5\libgcc.a(_udivmodsi4.o)
                0x00003e44                __udivmodsi4
 .text.libgcc   0x00003e88        0x0 c:/winavr-20100110/bin/../lib/gcc/avr/4.3.3/avr5\libgcc.a(_exit.o)
 .text.libgcc   0x00003e88        0x0 c:/winavr-20100110/bin/../lib/gcc/avr/4.3.3/avr5\libgcc.a(_copy_data.o)
 .text.libgcc   0x00003e88        0x0 c:/winavr-20100110/bin/../lib/gcc/avr/4.3.3/avr5\libgcc.a(_clear_bss.o)
 .text.avr-libc
                0x00003e88       0x12 c:/winavr-20100110/bin/../lib/gcc/avr/4.3.3/../../../../avr/lib/avr5\libc.a(strcmp_P.o)
                0x00003e88                strcmp_P
 .text.avr-libc
                0x00003e9a       0x1c c:/winavr-20100110/bin/../lib/gcc/avr/4.3.3/../../../../avr/lib/avr5\libc.a(strncmp_P.o)
                0x00003e9a                strncmp_P
 .text.avr-libc
                0x00003eb6       0x12 c:/winavr-20100110/bin/../lib/gcc/avr/4.3.3/../../../../avr/lib/avr5\libc.a(memcpy.o)
                0x00003eb6                memcpy
 .text.avr-libc
                0x00003ec8        0xe c:/winavr-20100110/bin/../lib/gcc/avr/4.3.3/../../../../avr/lib/avr5\libc.a(memset.o)
                0x00003ec8                memset
 .text.avr-libc
                0x00003ed6       0x16 c:/winavr-20100110/bin/../lib/gcc/avr/4.3.3/../../../../avr/lib/avr5\libc.a(strchr.o)
                0x00003ed6                strchr
 .text.avr-libc
                0x00003eec       0x12 c:/winavr-20100110/bin/../lib/gcc/avr/4.3.3/../../../../avr/lib/avr5\libc.a(strcmp.o)
                0x00003eec                strcmp
 .text.avr-libc
                0x00003efe       0x1c c:/winavr-20100110/bin/../lib/gcc/avr/4.3.3/../../../../avr/lib/avr5\libc.a(strncmp.o)
                0x00003efe                strncmp
 .text.avr-libc
                0x00003f1a       0x1e c:/winavr-20100110/bin/../lib/gcc/avr/4.3.3/../../../../avr/lib/avr5\libc.a(strncpy.o)
                0x00003f1a                strncpy
 .text.avr-libc
                0x00003f38       0x16 c:/winavr-20100110/bin/../lib/gcc/avr/4.3.3/../../../../avr/lib/avr5\libc.a(strrchr.o)
                0x00003f38                strrchr
                0x00003f4e                . = ALIGN (0x2)
 *(.fini9)
 .fini9         0x00003f4e        0x0 c:/winavr-20100110/bin/../lib/gcc/avr/4.3.3/avr5\libgcc.a(_exit.o)
                0x00003f4e                exit
                0x00003f4e                _exit
 *(.fini9)
 *(.fini8)
 *(.fini8)
 *(.fini7)
 *(.fini7)
 *(.fini6)
 *(.fini6)
 *(.fini5)
 *(.fini5)
 *(.fini4)
 *(.fini4)
 *(.fini3)
 *(.fini3)
 *(.fini2)
 *(.fini2)
 *(.fini1)
 *(.fini1)
 *(.fini0)
 .fini0         0x00003f4e        0x4 c:/winavr-20100110/bin/../lib/gcc/avr/4.3.3/avr5\libgcc.a(_exit.o)
 *(.fini0)
                0x00003f52                _etext = .

.data           0x00800100       0x10 load address 0x00003f52
                0x00800100                PROVIDE (__data_start, .)
 *(.data)
 .data          0x00800100        0x0 c:/winavr-20100110/bin/../lib/gcc/avr/4.3.3/../../../../avr/lib/avr5/crtm32u4.o
 .data          0x00800100        0x0 byteordering.o
 .data          0x00800100        0xd fat.o
 .data          0x0080010d        0x2 main.o
 .data          0x0080010f        0x0 partition.o
 .data          0x0080010f        0x0 sd_raw.o
 .data          0x0080010f        0x0 uart.o
 .data          0x0080010f        0x0 c:/winavr-20100110/bin/../lib/gcc/avr/4.3.3/avr5\libgcc.a(_mulsi3.o)
 .data          0x0080010f        0x0 c:/winavr-20100110/bin/../lib/gcc/avr/4.3.3/avr5\libgcc.a(_udivmodhi4.o)
 .data          0x0080010f        0x0 c:/winavr-20100110/bin/../lib/gcc/avr/4.3.3/avr5\libgcc.a(_divmodhi4.o)
 .data          0x0080010f        0x0 c:/winavr-20100110/bin/../lib/gcc/avr/4.3.3/avr5\libgcc.a(_udivmodsi4.o)
 .data          0x0080010f        0x0 c:/winavr-20100110/bin/../lib/gcc/avr/4.3.3/avr5\libgcc.a(_exit.o)
 .data          0x0080010f        0x0 c:/winavr-20100110/bin/../lib/gcc/avr/4.3.3/avr5\libgcc.a(_copy_data.o)
 .data          0x0080010f        0x0 c:/winavr-20100110/bin/../lib/gcc/avr/4.3.3/avr5\libgcc.a(_clear_bss.o)
 .data          0x0080010f        0x0 c:/winavr-20100110/bin/../lib/gcc/avr/4.3.3/../../../../avr/lib/avr5\libc.a(strcmp_P.o)
 .data          0x0080010f        0x0 c:/winavr-20100110/bin/../lib/gcc/avr/4.3.3/../../../../avr/lib/avr5\libc.a(strncmp_P.o)
 .data          0x0080010f        0x0 c:/winavr-20100110/bin/../lib/gcc/avr/4.3.3/../../../../avr/lib/avr5\libc.a(memcpy.o)
 .data          0x0080010f        0x0 c:/winavr-20100110/bin/../lib/gcc/avr/4.3.3/../../../../avr/lib/avr5\libc.a(memset.o)
 .data          0x0080010f        0x0 c:/winavr-20100110/bin/../lib/gcc/avr/4.3.3/../../../../avr/lib/avr5\libc.a(strchr.o)
 .data          0x0080010f        0x0 c:/winavr-20100110/bin/../lib/gcc/avr/4.3.3/../../../../avr/lib/avr5\libc.a(strcmp.o)
 .data          0x0080010f        0x0 c:/winavr-20100110/bin/../lib/gcc/avr/4.3.3/../../../../avr/lib/avr5\libc.a(strncmp.o)
 .data          0x0080010f        0x0 c:/winavr-20100110/bin/../lib/gcc/avr/4.3.3/../../../../avr/lib/avr5\libc.a(strncpy.o)
 .data          0x0080010f        0x0 c:/winavr-20100110/bin/../lib/gcc/avr/4.3.3/../../../../avr/lib/avr5\libc.a(strrchr.o)
 *(.data*)
 *(.rodata)
 *(.rodata*)
 *(.gnu.linkonce.d*)
                0x00800110                . = ALIGN (0x2)
 *fill*         0x0080010f        0x1 00
                0x00800110                _edata = .
                0x00800110                PROVIDE (__data_end, .)

.bss            0x00800110      0x2d6
                0x00800110                PROVIDE (__bss_start, .)
 *(.bss)
 .bss           0x00800110        0x0 c:/winavr-20100110/bin/../lib/gcc/avr/4.3.3/../../../../avr/lib/avr5/crtm32u4.o
 .bss           0x00800110        0x0 byteordering.o
 .bss           0x00800110       0xbf fat.o
 .bss           0x008001cf        0x0 main.o
 .bss           0x008001cf       0x11 partition.o
 .bss           0x008001e0      0x206 sd_raw.o
 .bss           0x008003e6        0x0 uart.o
 .bss           0x008003e6        0x0 c:/winavr-20100110/bin/../lib/gcc/avr/4.3.3/avr5\libgcc.a(_mulsi3.o)
 .bss           0x008003e6        0x0 c:/winavr-20100110/bin/../lib/gcc/avr/4.3.3/avr5\libgcc.a(_udivmodhi4.o)
 .bss           0x008003e6        0x0 c:/winavr-20100110/bin/../lib/gcc/avr/4.3.3/avr5\libgcc.a(_divmodhi4.o)
 .bss           0x008003e6        0x0 c:/winavr-20100110/bin/../lib/gcc/avr/4.3.3/avr5\libgcc.a(_udivmodsi4.o)
 .bss           0x008003e6        0x0 c:/winavr-20100110/bin/../lib/gcc/avr/4.3.3/avr5\libgcc.a(_exit.o)
 .bss           0x008003e6        0x0 c:/winavr-20100110/bin/../lib/gcc/avr/4.3.3/avr5\libgcc.a(_copy_data.o)
 .bss           0x008003e6        0x0 c:/winavr-20100110/bin/../lib/gcc/avr/4.3.3/avr5\libgcc.a(_clear_bss.o)
 .bss           0x008003e6        0x0 c:/winavr-20100110/bin/../lib/gcc/avr/4.3.3/../../../../avr/lib/avr5\libc.a(strcmp_P.o)
 .bss           0x008003e6        0x0 c:/winavr-20100110/bin/../lib/gcc/avr/4.3.3/../../../../avr/lib/avr5\libc.a(strncmp_P.o)
 .bss           0x008003e6        0x0 c:/winavr-20100110/bin/../lib/gcc/avr/4.3.3/../../../../avr/lib/avr5\libc.a(memcpy.o)
 .bss           0x008003e6        0x0 c:/winavr-20100110/bin/../lib/gcc/avr/4.3.3/../../../../avr/lib/avr5\libc.a(memset.o)
 .bss           0x008003e6        0x0 c:/winavr-20100110/bin/../lib/gcc/avr/4.3.3/../../../../avr/lib/avr5\libc.a(strchr.o)
 .bss           0x008003e6        0x0 c:/winavr-20100110/bin/../lib/gcc/avr/4.3.3/../../../../avr/lib/avr5\libc.a(strcmp.o)
 .bss           0x008003e6        0x0 c:/winavr-20100110/bin/../lib/gcc/avr/4.3.3/../../../../avr/lib/avr5\libc.a(strncmp.o)
 .bss           0x008003e6        0x0 c:/winavr-20100110/bin/../lib/gcc/avr/4.3.3/../../../../avr/lib/avr5\libc.a(strncpy.o)
 .bss           0x008003e6        0x0 c:/winavr-20100110/bin/../lib/gcc/avr/4.3.3/../../../../avr/lib/avr5\libc.a(strrchr.o)
 *(.bss*)
 *(COMMON)
                0x008003e6                PROVIDE (__bss_end, .)
                0x00003f52                __data_load_start = LOADADDR (.data)
                0x00003f62                __data_load_end = (__data_load_start + SIZEOF (.data))

.noinit         0x008003e6        0x0
                0x008003e6                PROVIDE (__noinit_start, .)
 *(.noinit*)
                0x008003e6                PROVIDE (__noinit_end, .)
                0x008003e6                _end = .
                0x008003e6                PROVIDE (__heap_start, .)

.eeprom         0x00810000        0x0
 *(.eeprom*)
                0x00810000                __eeprom_end = .

.fuse
 *(.fuse)
 *(.lfuse)
 *(.hfuse)
 *(.efuse)

.lock
 *(.lock*)

.signature
 *(.signature*)

.stab
 *(.stab)

.stabstr
 *(.stabstr)

.stab.excl
 *(.stab.excl)

.stab.exclstr
 *(.stab.exclstr)

.stab.index
 *(.stab.index)

.stab.indexstr
 *(.stab.indexstr)

.comment
 *(.comment)

.debug
 *(.debug)

.line
 *(.line)

.debug_srcinfo
 *(.debug_srcinfo)

.debug_sfnames
 *(.debug_sfnames)

.debug_aranges  0x00000000       0xa0
 *(.debug_aranges)
 .debug_aranges
                0x00000000       0x20 fat.o
 .debug_aranges
                0x00000020       0x20 main.o
 .debug_aranges
                0x00000040       0x20 partition.o
 .debug_aranges
                0x00000060       0x20 sd_raw.o
 .debug_aranges
                0x00000080       0x20 uart.o

.debug_pubnames
                0x00000000      0x33f
 *(.debug_pubnames)
 .debug_pubnames
                0x00000000      0x164 fat.o
 .debug_pubnames
                0x00000164       0x1b main.o
 .debug_pubnames
                0x0000017f       0x39 partition.o
 .debug_pubnames
                0x000001b8       0xc1 sd_raw.o
 .debug_pubnames
                0x00000279       0xc6 uart.o

.debug_info     0x00000000     0x3432
 *(.debug_info)
 .debug_info    0x00000000       0x5e byteordering.o
 .debug_info    0x0000005e     0x183b fat.o
 .debug_info    0x00001899      0xcb9 main.o
 .debug_info    0x00002552      0x331 partition.o
 .debug_info    0x00002883      0x8d2 sd_raw.o
 .debug_info    0x00003155      0x2dd uart.o
 *(.gnu.linkonce.wi.*)

.debug_abbrev   0x00000000      0x983
 *(.debug_abbrev)
 .debug_abbrev  0x00000000       0x2a byteordering.o
 .debug_abbrev  0x0000002a      0x2c7 fat.o
 .debug_abbrev  0x000002f1      0x227 main.o
 .debug_abbrev  0x00000518       0xec partition.o
 .debug_abbrev  0x00000604      0x280 sd_raw.o
 .debug_abbrev  0x00000884       0xff uart.o

.debug_line     0x00000000     0x2617
 *(.debug_line)
 .debug_line    0x00000000       0x3e byteordering.o
 .debug_line    0x0000003e     0x124c fat.o
 .debug_line    0x0000128a      0x615 main.o
 .debug_line    0x0000189f      0x155 partition.o
 .debug_line    0x000019f4      0x947 sd_raw.o
 .debug_line    0x0000233b      0x2dc uart.o

.debug_frame    0x00000000      0x3c0
 *(.debug_frame)
 .debug_frame   0x00000000      0x1d0 fat.o
 .debug_frame   0x000001d0       0x50 main.o
 .debug_frame   0x00000220       0x30 partition.o
 .debug_frame   0x00000250       0xb0 sd_raw.o
 .debug_frame   0x00000300       0xc0 uart.o

.debug_str      0x00000000      0xc86
 *(.debug_str)
 .debug_str     0x00000000       0x84 byteordering.o
                                 0xb8 (size before relaxing)
 .debug_str     0x00000084      0x792 fat.o
                                0x8ec (size before relaxing)
 .debug_str     0x00000816      0x1c2 main.o
                                0x43f (size before relaxing)
 .debug_str     0x000009d8       0x51 partition.o
                                0x222 (size before relaxing)
 .debug_str     0x00000a29      0x1a5 sd_raw.o
                                0x373 (size before relaxing)
 .debug_str     0x00000bce       0xb8 uart.o
                                0x180 (size before relaxing)

.debug_loc      0x00000000     0x38ad
 *(.debug_loc)
 .debug_loc     0x00000000     0x2389 fat.o
 .debug_loc     0x00002389      0x4b8 main.o
 .debug_loc     0x00002841      0x1da partition.o
 .debug_loc     0x00002a1b      0xb55 sd_raw.o
 .debug_loc     0x00003570      0x33d uart.o

.debug_macinfo
 *(.debug_macinfo)
OUTPUT(sd-reader.out elf32-avr)
LOAD linker stubs

.debug_ranges   0x00000000      0x210
 .debug_ranges  0x00000000       0xd8 fat.o
 .debug_ranges  0x000000d8       0x48 main.o
 .debug_ranges  0x00000120       0xc0 sd_raw.o
 .debug_ranges  0x000001e0       0x30 uart.o
